// Jest Snapshot v1, https://goo.gl/fbAQLP

exports[`should render properly 1`] = `
<nav
  className="navbar navbar-expand-md navbar-dark bg-dark fixed-top"
>
  <a
    className="navbar-brand"
  >
    THE ICONIC
  </a>
  <button
    aria-controls="navbarsExampleDefault"
    aria-expanded="false"
    aria-label="Toggle navigation"
    className="navbar-toggler"
    data-target="#navbarsExampleDefault"
    data-toggle="collapse"
    type="button"
  >
    <span
      className="navbar-toggler-icon"
    />
  </button>
  <div
    className="collapse navbar-collapse"
    id="navbarsExampleDefault"
  >
    <ul
      className="navbar-nav mr-auto"
    >
      <li
        className="nav-item active"
      >
        <a
          className="nav-link"
        >
          Home 
          <span
            className="sr-only"
          >
            (current)
          </span>
        </a>
      </li>
      <li
        className="nav-item"
      >
        <a
          className="nav-link"
        >
          Women
        </a>
      </li>
    </ul>
  </div>
</nav>
`;
