// Jest Snapshot v1, https://goo.gl/fbAQLP

exports[`should render properly 1`] = `
<p
  className="text-center font-weight-normal"
>
  There are no products to display
</p>
`;
